// Jest Snapshot v1, https://goo.gl/fbAQLP

exports[`Logo renders properly 1`] = `
"<a style=\\"height: 100%;\\">
  <v-img-stub height=\\"100%\\" aspectratio=\\"3.191666666666667\\" alt=\\"FAIRtracks logo\\" contain=\\"true\\" options=\\"[object Object]\\" position=\\"center center\\" src=\\"/logos/FairTracks-logo-light-white.png\\" transition=\\"fade-transition\\"></v-img-stub>
</a>"
`;
